// Jest Snapshot v1, https://goo.gl/fbAQLP

exports[`createFoldObject created fold should throw if no guard found 1`] = `"No guard found to fold [object Object]"`;
